[36mvite v6.4.1 [32mbuilding for production...[36m[39m
node.exe : 
At line:1 char:1
+ & "C:\Program Files\nodejs/node.exe" 
"C:\Users\Aglan\AppData\Roaming\ ...
+ ~~~~~~~~~~~~~~~~~~~~~~~~~~~~~~~~~~~~~~~~~~~~~~~~~
~~~~~~~~~~~~~~~~~~~~
    + CategoryInfo          : NotSpecified: (:Stri 
   ng) [], RemoteException
    + FullyQualifiedErrorId : NativeCommandError
 
/index.css doesn't exist at build time, it will 
remain unchanged to be resolved at runtime
transforming...
[32mΓ£ô[39m 50 modules transformed.
[31mΓ£ù[39m Build failed in 271ms
[31merror during build:
[31m[vite]: Rollup failed to resolve import 
"firebase/app" from 
"D:/SpinTheWheel/src/services/firebase.ts".
This is most likely unintended because it can 
break your application at runtime.
If you do want to externalize this module 
explicitly add it to
`build.rollupOptions.external`[31m
    at viteLog (file:///D:/SpinTheWheel/node_module
s/vite/dist/node/chunks/dep-D4NMHUTW.js:46374:15)
    at file:///D:/SpinTheWheel/node_modules/vite/di
st/node/chunks/dep-D4NMHUTW.js:46432:18
    at onwarn (file:///D:/SpinTheWheel/node_modules
/@vitejs/plugin-react/dist/index.js:76:7)
    at file:///D:/SpinTheWheel/node_modules/vite/di
st/node/chunks/dep-D4NMHUTW.js:46430:7
    at onRollupLog (file:///D:/SpinTheWheel/node_mo
dules/vite/dist/node/chunks/dep-D4NMHUTW.js:46422:5
)
    at onLog (file:///D:/SpinTheWheel/node_modules/
vite/dist/node/chunks/dep-D4NMHUTW.js:46072:7)
    at file:///D:/SpinTheWheel/node_modules/rollup/
dist/es/shared/node-entry.js:20961:32
    at Object.logger [as onLog] (file:///D:/SpinThe
Wheel/node_modules/rollup/dist/es/shared/node-entry
.js:22848:9)
    at ModuleLoader.handleInvalidResolvedId (file:/
//D:/SpinTheWheel/node_modules/rollup/dist/es/share
d/node-entry.js:21592:26)
    at file:///D:/SpinTheWheel/node_modules/rollup/
dist/es/shared/node-entry.js:21550:26[39m
